C51 COMPILER V9.60.7.0   STC8G_H_I2C                                                       03/01/2025 19:08:13 PAGE 1   


C51 COMPILER V9.60.7.0, COMPILATION OF MODULE STC8G_H_I2C
OBJECT MODULE PLACED IN .\Objects\STC8G_H_I2C.obj
COMPILER INVOKED BY: C:\Keil_v5\C51\BIN\C51.EXE STC8G_H_I2C.c OMF2 OPTIMIZE(8,SPEED) BROWSE DEBUG PRINT(.\Listings\STC8G
                    -_H_I2C.lst) TABS(2) OBJECT(.\Objects\STC8G_H_I2C.obj)

line level    source

   1          /*---------------------------------------------------------------------*/
   2          /* --- STC MCU Limited ------------------------------------------------*/
   3          /* --- STC 1T Series MCU Demo Programme -------------------------------*/
   4          /* --- Mobile: (86)13922805190 ----------------------------------------*/
   5          /* --- Fax: 86-0513-55012956,55012947,55012969 ------------------------*/
   6          /* --- Tel: 86-0513-55012928,55012929,55012966 ------------------------*/
   7          /* --- Web: www.STCAI.com ---------------------------------------------*/
   8          /* --- BBS: www.STCAIMCU.com  -----------------------------------------*/
   9          /* --- QQ:  800003751 -------------------------------------------------*/
  10          /* 如果要在程序中使用此代码,请在程序中注明使用了STC的资料及程序            */
  11          /*---------------------------------------------------------------------*/
  12          
  13          #include  "STC8G_H_I2C.h"
  14          #include "OLEDFont.h"
  15          
  16          u8 xdata I2C_Buffer[I2C_BUF_LENTH];
  17          
  18          #define SLAW    0x6A
  19          #define SLAR    0x6B
  20          
  21          //========================================================================
  22          // 函数: void I2C_Init(I2C_InitTypeDef *I2Cx)
  23          // 描述: I2C初始化程序.
  24          // 参数: I2Cx: 结构参数,请参考I2C.h里的定义.
  25          // 返回: none.
  26          // 版本: V1.0, 2012-11-22
  27          //========================================================================
  28          void I2C_Init(I2C_InitTypeDef *I2Cx)
  29          {
  30   1        if(I2Cx->I2C_Mode == I2C_Mode_Master)
  31   1        {
  32   2          I2C_Master();     //设为主机  
  33   2          I2CMSST = 0x00;   //清除I2C主机状态寄存器
  34   2          I2C_SetSpeed(I2Cx->I2C_Speed);
  35   2          if(I2Cx->I2C_MS_WDTA == ENABLE)   I2C_WDTA_EN();  //使能自动发送
  36   2          else                  I2C_WDTA_DIS(); //禁止自动发送
  37   2        }
  38   1        else
  39   1        {
  40   2          I2C_Slave();  //设为从机
  41   2          I2CSLST = 0x00;   //清除I2C从机状态寄存器
  42   2          I2C_Address(I2Cx->I2C_SL_ADR);
  43   2          if(I2Cx->I2C_SL_MA == ENABLE)   I2C_MATCH_EN(); //从机地址比较功能，只接受相匹配地址
  44   2          else                  I2C_MATCH_DIS();  //禁止从机地址比较功能，接受所有设备地址
  45   2        }
  46   1        
  47   1        I2C_Function(I2Cx->I2C_Enable);
  48   1      }
  49          
  50          //========================================================================
  51          // 函数: u8 Get_MSBusy_Status (void)
  52          // 描述: 获取主机忙碌状态.
  53          // 参数: none.
  54          // 返回: 主机忙碌状态.
C51 COMPILER V9.60.7.0   STC8G_H_I2C                                                       03/01/2025 19:08:13 PAGE 2   

  55          // 版本: V1.0, 2012-11-22
  56          //========================================================================
  57          u8 Get_MSBusy_Status(void)
  58          {
  59   1        return (I2CMSST & 0x80);
  60   1      }
  61          
  62          //========================================================================
  63          // 函数: void Wait (void)
  64          // 描述: 等待主机模式I2C控制器执行完成I2CMSCR.
  65          // 参数: none.
  66          // 返回: none.
  67          // 版本: V1.0, 2012-11-22
  68          //========================================================================
  69          void Wait()
  70          {
  71   1        while (!(I2CMSST & 0x40));
  72   1        I2CMSST &= ~0x40;
  73   1      }
  74          
  75          //========================================================================
  76          // 函数: void Start (void)
  77          // 描述: I2C总线起始函数.
  78          // 参数: none.
  79          // 返回: none.
  80          // 版本: V1.0, 2020-09-15
  81          //========================================================================
  82          void Start()
  83          {
  84   1        I2CMSCR = 0x01;                         //发送START命令
  85   1        Wait();
  86   1      }
  87          
  88          //========================================================================
  89          // 函数: void SendData (u8 dat)
  90          // 描述: I2C发送一个字节数据函数.
  91          // 参数: 发送的数据.
  92          // 返回: none.
  93          // 版本: V1.0, 2020-09-15
  94          //========================================================================
  95          void SendData(u8 dat)
  96          {
  97   1        I2CTXD = dat;                           //写数据到数据缓冲区
  98   1        I2CMSCR = 0x02;                         //发送SEND命令
  99   1        Wait();
 100   1      }
 101          
 102          //========================================================================
 103          // 函数: void RecvACK (void)
 104          // 描述: I2C获取ACK函数.
 105          // 参数: none.
 106          // 返回: none.
 107          // 版本: V1.0, 2020-09-15
 108          //========================================================================
 109          void RecvACK()
 110          {
 111   1        I2CMSCR = 0x03;                         //发送读ACK命令
 112   1        Wait();
 113   1      }
 114          
 115          //========================================================================
 116          // 函数: char RecvData (void)
C51 COMPILER V9.60.7.0   STC8G_H_I2C                                                       03/01/2025 19:08:13 PAGE 3   

 117          // 描述: I2C读取一个字节数据函数.
 118          // 参数: none.
 119          // 返回: 读取数据.
 120          // 版本: V1.0, 2020-09-15
 121          //========================================================================
 122          char RecvData()
 123          {
 124   1        I2CMSCR = 0x04;                         //发送RECV命令
 125   1        Wait();
 126   1        return I2CRXD;
 127   1      }
 128          
 129          //========================================================================
 130          // 函数: void SendACK (void)
 131          // 描述: I2C发送ACK函数.
 132          // 参数: none.
 133          // 返回: none.
 134          // 版本: V1.0, 2020-09-15
 135          //========================================================================
 136          void SendACK()
 137          {
 138   1        I2CMSST = 0x00;                         //设置ACK信号
 139   1        I2CMSCR = 0x05;                         //发送ACK命令
 140   1        Wait();
 141   1      }
 142          
 143          //========================================================================
 144          // 函数: void SendNAK (void)
 145          // 描述: I2C发送NAK函数.
 146          // 参数: none.
 147          // 返回: none.
 148          // 版本: V1.0, 2020-09-15
 149          //========================================================================
 150          void SendNAK()
 151          {
 152   1        I2CMSST = 0x01;                         //设置NAK信号
 153   1        I2CMSCR = 0x05;                         //发送ACK命令
 154   1        Wait();
 155   1      }
 156          
 157          //========================================================================
 158          // 函数: void Stop (void)
 159          // 描述: I2C总线停止函数.
 160          // 参数: none.
 161          // 返回: none.
 162          // 版本: V1.0, 2020-09-15
 163          //========================================================================
 164          void Stop()
 165          {
 166   1        I2CMSCR = 0x06;                         //发送STOP命令
 167   1        Wait();
 168   1      }
 169          
 170          //========================================================================
 171          // 函数: void SendCmdData (u8 cmd, u8 dat)
 172          // 描述: I2C发送一个字节数据函数.
 173          // 参数: 命令/数据.
 174          // 返回: none.
 175          // 版本: V1.0, 2020-09-15
 176          //========================================================================
 177          void SendCmdData(u8 cmd, u8 dat)
 178          {
C51 COMPILER V9.60.7.0   STC8G_H_I2C                                                       03/01/2025 19:08:13 PAGE 4   

 179   1        I2CTXD = dat;                           //写数据到数据缓冲区
 180   1        I2CMSCR = cmd;                          //设置命令
 181   1        Wait();
 182   1      }
 183          
 184          //========================================================================
 185          // 函数: void I2C_WriteNbyte(u8 dev_addr, u8 mem_addr, u8 *p, u8 number)
 186          // 描述: I2C写入数据函数.
 187          // 参数: dev_addr: 设备地址, mem_addr: 存储地址, *p写入数据存储位置, number写入数据个数.
 188          // 返回: none.
 189          // 版本: V1.0, 2020-09-15
 190          //========================================================================
 191          void I2C_Writebyte(u8 dev_addr, u8 mem_addr, u8 *p)  /*  DeviceAddress,WordAddress,First Data Address,Byte
             - lenth   */
 192          {
 193   1        Start();                                //发送起始命令
 194   1        SendData(dev_addr);                     //发送设备地址+写命令
 195   1        RecvACK();
 196   1        SendData(mem_addr);                     //发送存储地址
 197   1        RecvACK();
 198   1        SendData(*p);
 199   1        RecvACK();
 200   1        Stop();                                 //发送停止命令
 201   1      }
 202          
 203          //========================================================================
 204          // 函数: void I2C_ReadNbyte(u8 dev_addr, u8 mem_addr, u8 *p, u8 number)
 205          // 描述: I2C读取数据函数.
 206          // 参数: dev_addr: 设备地址, mem_addr: 存储地址, *p读取数据存储位置, number读取数据个数.
 207          // 返回: none.
 208          // 版本: V1.0, 2020-09-15
 209          //========================================================================
 210          void I2C_Readbyte(u8 dev_addr, u8 mem_addr, u8 *p)   /*  DeviceAddress,WordAddress,First Data Address,Byte
             - lenth   */
 211          {
 212   1        Start();                                //发送起始命令
 213   1        SendData(dev_addr);                     //发送设备地址+写命令
 214   1        RecvACK();
 215   1        SendData(mem_addr);                     //发送存储地址
 216   1        RecvACK();
 217   1        Start();
 218   1        SendData(dev_addr|1);                   //发送设备地址+读命令
 219   1        RecvACK();
 220   1        *p = RecvData();
 221   1        SendNAK();                              //send no ACK 
 222   1        Stop();                                 //发送停止命令
 223   1      }
 224          //========================================================================
 225          // 函数: 
 226          // 描述: 
 227          // 参数: 
 228          // 返回: 
 229          // 版本: 
 230          //========================================================================
 231          void Oled_Write_Cmd(u8 Comd)  /* 向OLED 写入命令 */
 232          {
 233   1        Start();  SendData(0x78); //驱动地址 0x78
 234   1        RecvACK();  SendData(0x00); // 发送的只为字节D/C=000 0000为命令
 235   1        RecvACK();  SendData(Comd);
 236   1        RecvACK();
 237   1        Stop();
 238   1      }
C51 COMPILER V9.60.7.0   STC8G_H_I2C                                                       03/01/2025 19:08:13 PAGE 5   

 239          //========================================================================
 240          // 函数: 
 241          // 描述: 
 242          // 参数: 
 243          // 返回: 
 244          // 版本: 
 245          //======================================================================== 
 246          void Oled_Write_Data(u8 Data)   /* 向OLED 写入数据 */
 247          {
 248   1        Start();    SendData(0x78); //驱动地址 0x78
 249   1        RecvACK();  SendData(0x40); // 发送的只为字节D/C=100 0000为数据
 250   1        RecvACK();  SendData(Data);
 251   1        RecvACK();
 252   1        Stop();
 253   1      }
 254          //========================================================================
 255          // 函数: 
 256          // 描述: 
 257          // 参数: 
 258          // 返回: 
 259          // 版本: 
 260          //========================================================================
 261          /* 坐标设置函数 */ 
 262          void OLED_Set_Points(u8 x, u8 y) 
 263          {   
 264   1        Oled_Write_Cmd(0xb0+y);
 265   1        Oled_Write_Cmd(((x&0xf0)>>4)|0x10);
 266   1        Oled_Write_Cmd((x&0x0f)); 
 267   1      }       
 268          //========================================================================
 269          // 函数: 
 270          // 描述: 
 271          // 参数: 
 272          // 返回: 
 273          // 版本: 
 274          //======================================================================== 
 275          /* 清屏函数 */  
 276          void OLED_Clear(void)  
 277          {  
 278   1        u8 i,n;       
 279   1        for(i=0;i<8;i++)  
 280   1        {  
 281   2          Oled_Write_Cmd(0xb0+i);    //设置页地址（0~3）
 282   2          Oled_Write_Cmd(0x00);      //设置显示位置—列低地址
 283   2          Oled_Write_Cmd(0x10);      //设置显示位置—列高地址   
 284   2          for(n=0;n<128;n++)    Oled_Write_Data(0);
 285   2        } 
 286   1      }
 287          //========================================================================
 288          // 函数: 
 289          // 描述: 
 290          // 参数: 
 291          // 返回: 
 292          // 版本: 
 293          //========================================================================
 294          void OLED_ShowPx(u8 x,u8 y)
 295          {       
 296   1        u8 c=0,i=0; 
 297   1      //  c = car-' ';   //偏移后的值     
 298   1        if(x>128-1)  {x=0;y=y+2;}
 299   1      
 300   1            OLED_Set_Points(x,y);
C51 COMPILER V9.60.7.0   STC8G_H_I2C                                                       03/01/2025 19:08:13 PAGE 6   

 301   1            Oled_Write_Data(0x55);
 302   1      
 303   1      
 304   1      }
 305          //========================================================================
 306          // 函数: 
 307          // 描述: 
 308          // 参数: 
 309          // 返回: 
 310          // 版本: 
 311          //========================================================================
 312             /* 显示字符          列     行  字符内容       哪个数组 */
 313          void OLED_ShowChar(u8 x,u8 y,u8 car,u8 Char_Size)
 314          {       
 315   1        u8 c=0,i=0; 
 316   1        c = car-' ';   //偏移后的值     
 317   1        if(x>128-1)  {x=0;y=y+2;}
 318   1        if(Char_Size ==16)
 319   1          {
 320   2            OLED_Set_Points(x,y); 
 321   2            for(i=0;i<8;i++)
 322   2              { Oled_Write_Data(F8X16[c*16+i]); }
 323   2            OLED_Set_Points(x,y+1);
 324   2            for(i=0;i<8;i++)
 325   2              { Oled_Write_Data(F8X16[c*16+i+8]); }
 326   2          }
 327   1        else 
 328   1          { 
 329   2            OLED_Set_Points(x,y);
 330   2            for(i=0;i<6;i++)
 331   2              { Oled_Write_Data(F6x8[c][i]);  }
 332   2          }
 333   1      }
 334          //========================================================================
 335          // 函数: 
 336          // 描述: 
 337          // 参数: 
 338          // 返回: 
 339          // 版本: 
 340          //========================================================================
 341            /* 字符串形式显示字符   列      行  指针-字符串    哪个数组 */
 342          void OLED_ShowString(u8 x,u8 y,u8 *chr,u8 Char_Size)
 343          {
 344   1        u8 j=0;
 345   1        while (chr[j]!='\0')
 346   1         {    
 347   2           OLED_ShowChar(x,y,chr[j],Char_Size);
 348   2            x+=8;
 349   2          if(x>120) {x=0;y+=2;}
 350   2            j++;
 351   2         }
 352   1      }
 353          //========================================================================
 354          // 函数: 
 355          // 描述: 
 356          // 参数: 
 357          // 返回: 
 358          // 版本: 
 359          //======================================================================== 
 360          u16 oled_pow(u8 m,u8 n)
 361          {
 362   1        u16 result=1;  
C51 COMPILER V9.60.7.0   STC8G_H_I2C                                                       03/01/2025 19:08:13 PAGE 7   

 363   1        while(n--)result*=m;    
 364   1        return result;
 365   1      }     
 366           //========================================================================
 367          // 函数: 
 368          // 描述: 
 369          // 参数: 
 370          // 返回: 
 371          // 版本: 
 372          //========================================================================
 373            /* 显示变量数字      列    行   变量内容  字符长度   字符大小16或8  */
 374          void OLED_ShowNum(u8 x,u8 y,u16 num,u8 len,u8  num_size)
 375          {           
 376   1        u8 t,temp,enshow=0;
 377   1        for(t=0;t<len;t++)
 378   1         {
 379   2          temp=(num/oled_pow(10,len-t-1))%10;
 380   2          if(enshow==0&&t<(len-1))
 381   2           {
 382   3            if(temp==0)
 383   3            {
 384   4              if(num_size == 8) OLED_ShowChar(x+(num_size/2+2)*t,y,' ',num_size);   
 385   4              else if(num_size == 16) OLED_ShowChar(x+(num_size/2)*t,y,' ',num_size);  
 386   4              continue;
 387   4            }else enshow=1; 
 388   3          }
 389   2         if(num_size == 8)  OLED_ShowChar(x+(num_size/2+2)*t,y,temp+'0',num_size);       
 390   2         else if(num_size == 16)  OLED_ShowChar(x+(num_size/2)*t,y,temp+'0',num_size);  
 391   2        }
 392   1      } 
 393          
 394          //========================================================================
 395          // 函数: 
 396          // 描述: 
 397          // 参数: 
 398          // 返回: 
 399          // 版本: 
 400          //========================================================================
 401          /* OLED12864 屏幕初始化 */
 402          void OLED_Init(void)
 403          { 
 404   1        Oled_Write_Cmd(0xAE);//关闭显示
 405   1        Oled_Write_Cmd(0x00);//set memory addressing Mode
 406   1        Oled_Write_Cmd(0X10);
 407   1        Oled_Write_Cmd(0X40);
 408   1        Oled_Write_Cmd(0X81);
 409   1        Oled_Write_Cmd(0XCF);//分频因子
 410   1        Oled_Write_Cmd(0xA1);//设置驱动路数
 411   1        Oled_Write_Cmd(0xC8);//默认0X3f(1/64) 0x1f(1/32)
 412   1        Oled_Write_Cmd(0xA6); //设置显示偏移
 413   1        Oled_Write_Cmd(0xA8);//默认值00
 414   1          
 415   1        Oled_Write_Cmd(0x3F);//设置开始行 【5:0】，行数
 416   1        
 417   1        Oled_Write_Cmd(0xD3);//电荷泵设置
 418   1        Oled_Write_Cmd(0x00);//bit2,开启/关闭
 419   1        
 420   1        Oled_Write_Cmd(0xD5);//设置内存地址模式
 421   1        Oled_Write_Cmd(0x80);//[[1:0],00，列地址模式;01，行地址模式;10,页地址模式;默认10;
 422   1        Oled_Write_Cmd(0xD9);//段重定义设置,bit0:0,0->0;1,0->127;
 423   1        Oled_Write_Cmd(0xF1);//设置COM扫描方向
 424   1        
C51 COMPILER V9.60.7.0   STC8G_H_I2C                                                       03/01/2025 19:08:13 PAGE 8   

 425   1        Oled_Write_Cmd(0xDA);//设置COM硬件引脚配置
 426   1        Oled_Write_Cmd(0x12);//0.91英寸128*32分辨率
 427   1        
 428   1        Oled_Write_Cmd(0xDB);//对比度设置
 429   1        Oled_Write_Cmd(0x40);//1~255(亮度设置,越大越亮)
 430   1        
 431   1        Oled_Write_Cmd(0x20);//设置预充电周期
 432   1        Oled_Write_Cmd(0x02);//[3:0],PHASE 1;[7:4],PHASE 2;
 433   1        Oled_Write_Cmd(0x8D);//设置VCOMH 电压倍率
 434   1        Oled_Write_Cmd(0x14);//[6:4] 000,0.65*vcc;001,0.77*vcc;011,0.83*vcc;
 435   1       
 436   1        Oled_Write_Cmd(0xA4);//全局显示开启;bit0:1,开启;0,关闭;(白屏/黑屏)
 437   1        Oled_Write_Cmd(0xA6);//设置显示方式;bit0:1,反相显示;0,正常显示
 438   1        
 439   1        Oled_Write_Cmd(0x2E);//停用滚动条 
 440   1        Oled_Write_Cmd(0xAF);//开启显示
 441   1      }


MODULE INFORMATION:   STATIC OVERLAYABLE
   CODE SIZE        =    991    ----
   CONSTANT SIZE    =   2392    ----
   XDATA SIZE       =      8    ----
   PDATA SIZE       =   ----    ----
   DATA SIZE        =   ----      23
   IDATA SIZE       =   ----    ----
   BIT SIZE         =   ----    ----
   EDATA SIZE       =   ----    ----
   HDATA SIZE       =   ----    ----
   XDATA CONST SIZE =   ----    ----
   FAR CONST SIZE   =   ----    ----
END OF MODULE INFORMATION.


C51 COMPILATION COMPLETE.  0 WARNING(S),  0 ERROR(S)
